JAVA_HOME (/usr/local/openjdk-17) parece inválido ou vazio. Tentando detectar...
Novo JAVA_HOME detectado: /opt/java/openjdk
--- Verificando Gradle 7.5 ---
Usando GRADLE_USER_HOME=/tmp/gradle_home
Gradle não encontrado. Baixando...
Extraindo...
Gradle instalado em /tmp/gradle_install
Executando build...

Welcome to Gradle 7.5!

Here are the highlights of this release:
 - Support for Java 18
 - Support for building with Groovy 4
 - Much more responsive continuous builds
 - Improved diagnostics for dependency resolution

For more details see https://docs.gradle.org/7.5/release-notes.html

To honour the JVM settings for this build a single-use Daemon process will be forked. See https://docs.gradle.org/7.5/userguide/gradle_daemon.html#sec:disabling_the_daemon.
Daemon will be stopped at the end of the build 
> Task :app:preBuild UP-TO-DATE
> Task :app:preDebugBuild UP-TO-DATE
> Task :app:mergeDebugNativeDebugMetadata NO-SOURCE
> Task :app:compileDebugAidl NO-SOURCE
> Task :app:compileDebugRenderscript NO-SOURCE
> Task :app:generateDebugBuildConfig UP-TO-DATE
> Task :app:checkDebugAarMetadata UP-TO-DATE
> Task :app:generateDebugResValues UP-TO-DATE
> Task :app:processDebugGoogleServices FAILED
4 actionable tasks: 1 executed, 3 up-to-date
