--- Verificando Gradle 7.5 ---
Usando GRADLE_USER_HOME=/tmp/gradle_home
Gradle nÃ£o encontrado. Baixando...
Extraindo...
Gradle instalado em /tmp/gradle_install
Executando build...

Welcome to Gradle 7.5!

Here are the highlights of this release:
 - Support for Java 18
 - Support for building with Groovy 4
 - Much more responsive continuous builds
 - Improved diagnostics for dependency resolution

For more details see https://docs.gradle.org/7.5/release-notes.html

To honour the JVM settings for this build a single-use Daemon process will be forked. See https://docs.gradle.org/7.5/userguide/gradle_daemon.html#sec:disabling_the_daemon.
Daemon will be stopped at the end of the build 
> Task :clean
> Task :app:clean
> Task :app:preBuild UP-TO-DATE
> Task :app:preDebugBuild UP-TO-DATE
> Task :app:mergeDebugNativeDebugMetadata NO-SOURCE
> Task :app:compileDebugAidl NO-SOURCE
> Task :app:compileDebugRenderscript NO-SOURCE
> Task :app:generateDebugBuildConfig
> Task :app:checkDebugAarMetadata
> Task :app:generateDebugResValues
> Task :app:processDebugGoogleServices
> Task :app:mapDebugSourceSetPaths
> Task :app:generateDebugResources
> Task :app:createDebugCompatibleScreenManifests
> Task :app:extractDeepLinksDebug

> Task :app:processDebugMainManifest
package="com.galeria.defensores" found in source AndroidManifest.xml: /workspace/app/src/main/AndroidManifest.xml.
Setting the namespace via a source AndroidManifest.xml's package attribute is deprecated.
Please instead set the namespace (or testNamespace) in the module's build.gradle file, as described here: https://developer.android.com/studio/build/configure-app-module#set-namespace
This migration can be done automatically using the AGP Upgrade Assistant, please refer to https://developer.android.com/studio/build/agp-upgrade-assistant for more information.

> Task :app:processDebugManifest
> Task :app:javaPreCompileDebug
> Task :app:mergeDebugShaders
> Task :app:compileDebugShaders NO-SOURCE
> Task :app:generateDebugAssets UP-TO-DATE
> Task :app:mergeDebugResources
> Task :app:mergeDebugAssets
> Task :app:compressDebugAssets
> Task :app:processDebugJavaRes NO-SOURCE
> Task :app:processDebugManifestForPackage
> Task :app:checkDebugDuplicateClasses
> Task :app:desugarDebugFileDependencies
> Task :app:processDebugResources
> Task :app:mergeExtDexDebug
> Task :app:mergeDebugJniLibFolders
> Task :app:mergeDebugNativeLibs NO-SOURCE
> Task :app:stripDebugDebugSymbols NO-SOURCE
> Task :app:mergeLibDexDebug
> Task :app:validateSigningDebug
> Task :app:writeDebugAppMetadata
> Task :app:writeDebugSigningConfigVersions
> Task :app:compileDebugKotlin
w: file:///workspace/app/src/main/java/com/galeria/defensores/data/SessionManager.kt:13:14 Parameter 'context' is never used
w: file:///workspace/app/src/main/java/com/galeria/defensores/ui/CharacterSheetFragment.kt:298:64 Parameter 'iconRes' is never used
w: file:///workspace/app/src/main/java/com/galeria/defensores/ui/CharacterSheetFragment.kt:343:63 Parameter 'iconRes' is never used
w: file:///workspace/app/src/main/java/com/galeria/defensores/ui/LoginFragment.kt:51:35 Parameter 'user' is never used, could be renamed to _
w: file:///workspace/app/src/main/java/com/galeria/defensores/ui/TableListFragment.kt:57:29 Name shadowed: currentUser
w: file:///workspace/app/src/main/java/com/galeria/defensores/ui/TablesAdapter.kt:60:32 'getter for adapterPosition: Int' is deprecated. Deprecated in Java

> Task :app:compileDebugJavaWithJavac
> Task :app:dexBuilderDebug
> Task :app:mergeProjectDexDebug
> Task :app:mergeDebugJavaResource
> Task :app:packageDebug
> Task :app:createDebugApkListingFileRedirect
> Task :app:assembleDebug

BUILD SUCCESSFUL in 4m 18s
33 actionable tasks: 33 executed
